[    0.000000] Initializing cgroup subsys cpu
[    0.000000] Initializing cgroup subsys cpuacct
[    0.000000] Linux version 3.10.61 (jagger@jag) (gcc version 4.8.4 (Ubuntu/Linaro 4.8.4-1ubuntu15) ) #10 SMP PREEMPT Sat Jul 4 16:33:30 CEST 2015
[    0.000000] CPU: Cortex A57 Processor [411fd071] revision 1
[    0.000000] Machine: foster_e
[    0.000000] bootconsole [earlycon0] enabled
[    0.000000] Found tegra_fbmem: 00140000@92ca9000
[    0.000000] Tegra reserved memory:
LP0:                    fdfff000 - fdffffff
Bootloader framebuffer: 92ca9000 - 92de8fff
Bootloader framebuffer2: 00000000 - 00000000
Framebuffer:            f4200000 - f89fffff
2nd Framebuffer:        f8a00000 - fd1fffff
Carveout:               00000000 - 00000000
Vpr:                    00000000 - 29ffffff
Tsec:                   00000000 - 00000000
[    0.000000] Nvdumper:               fd300000 - fd300fff
[    0.000000] cma: CMA: reserved 672 MiB at ca000000
[    0.000000] cma: CMA: reserved 16 MiB at c9000000
[    0.000000] On node 0 totalpages: 737792
[    0.000000]   DMA32 zone: 6503 pages used for memmap
[    0.000000]   DMA32 zone: 0 pages reserved
[    0.000000]   DMA32 zone: 475648 pages, LIFO batch:31
[    0.000000]   Normal zone: 3584 pages used for memmap
[    0.000000]   Normal zone: 262144 pages, LIFO batch:31
[    0.000000] psci: probing function IDs from device-tree
[    0.000000] DTS File Name: /dvs/git/dirty/git-master_android/kernel/arch/arm64/boot/dts/tegra210-foster-e-p2530-0930-e02-00.dts
[    0.000000] DTB Build time: Oct  8 2015 13:06:11
[    0.000000] Tegra21: Speedo/IDDQ fuse revision 4
[    0.000000] Tegra21: CPU Speedo ID 2, Soc Speedo ID 0, Gpu Speedo ID 1
[    0.000000] Tegra21: CPU Process ID 0, Soc Process ID 1, Gpu Process ID 0
[    0.000000] Tegra21: CPU Speedo value 2091, Soc Speedo value 2010, Gpu Speedo value 2110
[    0.000000] Tegra21: CPU IDDQ 2916, Soc IDDQ 3068, Gpu IDDQ 3850
[    0.000000] Tegra Revision: A01Q SKU: 0x17 CPU Process: 0 Core Process: 1
[    0.000000] tegra: PLLP fixed rate: 408000000
[    0.000000] pll_x boot misc1 0x0 : expected 0x20
[    0.000000]  (comparison mask = 0xffffff)
[    0.000000] pll_c4 rates match 266000000 max sdmmc: vco=796800000 out0=199200000 out3=199200000
[    0.000000] Lowering vic03 maximum rate from 1000000000 to 627200000
[    0.000000] Lowering nvjpg maximum rate from 1000000000 to 627200000
[    0.000000] Lowering se maximum rate from 1000000000 to 627200000
[    0.000000] Lowering tsecb maximum rate from 1000000000 to 627200000
[    0.000000] Lowering msenc maximum rate from 1000000000 to 716800000
[    0.000000] Lowering nvdec maximum rate from 1000000000 to 716800000
[    0.000000] Lowering vi maximum rate from 1000000000 to 793600000
[    0.000000] Lowering isp maximum rate from 1000000000 to 793600000
[    0.000000] Lowering adsp_cpu maximum rate from 1200000000 to 844800000
[    0.000000] Lowering sbus maximum rate from 600000000 to 408000000
[    0.000000] Lowering host1x maximum rate from 600000000 to 408000000
[    0.000000] Lowering pll_c maximum rate from 1200000000 to 1190400000
[    0.000000] Lowering pll_c2 maximum rate from 1200000000 to 1190400000
[    0.000000] Lowering pll_c3 maximum rate from 1200000000 to 1190400000
[    0.000000] Lowering pll_d2 maximum rate from 1500000000 to 1190400000
[    0.000000] Lowering pll_dp maximum rate from 1500000000 to 1190400000
[    0.000000] Lowering sor0 maximum rate from 600000000 to 540000000
[    0.000000] Lowering sor1 maximum rate from 600000000 to 594028125
[    0.000000] Lowering dmic1 maximum rate from 12288000 to 12190000
[    0.000000] Lowering dmic2 maximum rate from 12288000 to 12190000
[    0.000000] Lowering dmic3 maximum rate from 12288000 to 12190000
[    0.000000] Lowering hda maximum rate from 102000000 to 51000000
[    0.000000] Lowering sdmmc2 maximum rate from 266000000 to 204000000
[    0.000000] Lowering qspi maximum rate from 133000000 to 116600000
[    0.000000] Lowering gbus maximum rate from 1300000000 to 998400000
[    0.000000] Lowering cpu_g maximum rate from 3000000000 to 2218500000
[    0.000000] Lowering cpu_lp maximum rate from 1350000000 to 1228800000
[    0.000000] tegra dvfs: vdd_cpu: nominal 1224mV, offset 709000uV, step 19100uV, scaling enabled
[    0.000000] tegra dvfs: vdd_core: nominal 1075mV, offset 0uV, step 12500uV, scaling enabled
[    0.000000] tegra dvfs: vdd_gpu: nominal 1150mV, offset 710000uV, step 10000uV, scaling enabled
[    0.000000] tegra_powergate_init: DONE
[    0.000000] PERCPU: Embedded 13 pages/cpu @ffffffc03d3cc000 s21312 r8192 d23744 u53248
[    0.000000] pcpu-alloc: s21312 r8192 d23744 u53248 alloc=13*4096
[    0.000000] pcpu-alloc: [0] 0 [0] 1 [0] 2 [0] 3 
[    0.000000] Built 1 zonelists in Zone order, mobility grouping on.  Total pages: 727705
[    0.000000] Kernel command line: androidboot.modem=none androidboot.serialno=042251505826100002b6 androidboot.security=enabled tegraid=21.1.1.0.0 memtype=0 vpr_resize ddr_die=1536M@2048M ddr_die=1536M@3584M section=256M usb_port_owner_info=0 lane_owner_info=0 emc_max_dvfs=1 androidboot.touch_vendor_id=0 androidboot.touch_panel_id=63 androidboot.touch_feature=0 touch_id=0@63 video=tegrafb no_console_suspend=1 console=ttyS0,115200n8 debug_uartport=lsport,2 earlyprintk=uart8250-32bit,0x70006000 maxcpus=4 usbcore.old_scheme_first=1 lp0_vec=4096@0xfdfff000 nvdumper_reserved=0xfd300000 core_edp_mv=1125 core_edp_ma=4000 tegra_fbmem=1310720@0x92ca9000 is_hdmi_initialised=1 power_supply=Adapter gpt android.kerneltype=normal
[    0.000000] PID hash table entries: 4096 (order: 3, 32768 bytes)
[    0.000000] Dentry cache hash table entries: 524288 (order: 10, 4194304 bytes)
[    0.000000] Inode-cache hash table entries: 262144 (order: 9, 2097152 bytes)
[    0.000000] Memory: 1858MB 1024MB = 2882MB total
[    0.000000] Memory: 2160452k/2160452k available, 790716k reserved
[    0.000000] Virtual kernel memory layout:
    vmalloc : 0xffffff8000000000 - 0xffffffbbffff0000   (245759 MB)
    vmemmap : 0xffffffbc01c00000 - 0xffffffbc04600000   (    42 MB)
    modules : 0xffffffbffc000000 - 0xffffffc000000000   (    64 MB)
    memory  : 0xffffffc000000000 - 0xffffffc0c0000000   (  3072 MB)
      .init : 0xffffffc000ecf000 - 0xffffffc000f39340   (   425 kB)
      .text : 0xffffffc000080000 - 0xffffffc000ecefc4   ( 14652 kB)
      .data : 0xffffffc000f3a000 - 0xffffffc0010ae4e0   (  1490 kB)
[    0.000000] Preemptible hierarchical RCU implementation.
[    0.000000] NR_IRQS:960 nr_irqs:960 0
[    0.000000] the number of interrupt controllers found is 6
[    0.000000] Architected local timer running at 19.20MHz (phys).
[    0.000000] sched_clock: 56 bits at 19MHz, resolution 52ns, wraps every 3579139424256ns
[    0.000000] Wake16 for irq=34
[    0.000000] Wake16 for irq=34
[    0.000000] Enabling wake16
[    0.000000] Console: colour dummy device 80x25
[    0.013145] Calibrating delay loop (skipped), value calculated using timer frequency.. lpj=192000
[    0.021930] pid_max: default: 32768 minimum: 301
[    0.026644] Security Framework initialized
[    0.030613] SELinux:  Initializing.
[    0.034087] SELinux:  Starting in permissive mode
[    0.034138] Mount-cache hash table entries: 256
[    0.071116] Initializing cgroup subsys freezer
[    0.073807] hw perfevents: enabled with arm/armv8-pmuv3 PMU driver, 7 counters available
[    0.120339] ftrace: Allocated trace_printk buffers
[    0.201080] Brought up 4 CPUs
[    0.202052] SMP: Total of 4 processors activated.
[    0.207432] devtmpfs: initialized
[    0.223788] pinctrl core: initialized pinctrl subsystem
[    0.227299] regulator-dummy: ; Rail ON
[    0.247642] NET: Registered protocol family 16
[    0.253303] DMA: preallocated 1024 KiB pool for atomic coherent allocations
[    0.258346] ramoops ramoops.0: SMMU isn't ready yet
[    0.263780] console [pstore-1] enabled
[    0.266852] ramoops: attached 0x200000@0xf4000000, ecc: 0/0
[    0.272410] ramoops ramoops.0: SMMU isn't ready yet
[    0.277614] cpuidle: using governor ladder
[    0.281335] cpuidle: using governor menu
[    0.286502] tegra-pmc device create success
[    0.289396]  tegra-pmc: POWER_DET: 0x00feb425, POWR_VAL: 0x00583c2c
[    0.295704] padctrl padctrl.0: Pad control driver tegra-pmc-padctrl registered
[    0.302823] T210 pmc padctrl driver initialized
[    0.308967] INFO: pinmux CLAMP_INPUTS_WHEN_TRISTATED: disabled
[    0.315564] t210ref_camera_auxdata: update camera lookup table.
[    0.319700] platform 700e2000.soctherm: SMMU isn't ready yet
[    0.325267] platform bthrot_cdev.0: SMMU isn't ready yet
[    0.330588] platform psci.1: SMMU isn't ready yet
[    0.335309] platform arm-pmu.2: SMMU isn't ready yet
[    0.340178] platform 60006000.clock: SMMU isn't ready yet
[    0.345545] platform 70019000.iommu: SMMU isn't ready yet
[    0.350823] tegra_smmu 70019000.iommu: SMMU isn't ready yet
[    0.356674] tegra_smmu 70019000.iommu: Loaded Tegra IOMMU driver
[    0.362430] platform bpmp.3: No iommus property found in DT node, got swgids from fixup(2)
[    0.370632] platform bpmp.3: domain=ffffffc0bf05bf18 allocates as[0]=ffffffc0bf0d00f0
[    0.379189] platform bpmp.3: IOVA linear map 0x00000000fd900000(100000)
[    0.385425] bpmp bpmp.3: bpmp_connect returned 0
[    0.390134] MC mapped MMIO address: 0xffffff800023a000
[    0.394716] MC0 mapped MMIO address: 0xffffff800024e000
[    0.399896] MC1 mapped MMIO address: 0xffffff8000262000
[    0.414081] tegra210-pinctrl 700008d4.pinmux: lookup the user state drive not found
[    0.419851] tegra210-pinctrl 700008d4.pinmux: Probed Tegra pinctrl driver
[    0.427044] GPIO chip tegra-gpio: created GPIO range 0->245 ==> 700008d4.pinmux PIN 0->245
[    0.435102] tegra-gpio 6000d000.gpio: Initialising GPIO state 0: name default
[    0.441870] tegra-gpio 6000d000.gpio: Initialising GPIO state 1: name wlan-default
[    0.449434] gpiochip_add: registered GPIOs 0 to 255 on device: tegra-gpio
[    0.459053] Wake44 for irq=81
[    0.460055] Wake40 for irq=53
[    0.462970] Wake41 for irq=53
[    0.465916] Wake42 for irq=53
[    0.468863] Wake43 for irq=53
[    0.472219] platform serial8250.0: fixup(101004000) is different from DT(4000)
[    0.479082] platform serial8250.0: domain=ffffffc0bf13c898 allocates as[0]=ffffffc0bf0d0148
[    0.487624] platform serial-tegra.2: fixup(101004000) is different from DT(4000)
[    0.494937] platform serial-tegra.3: fixup(101004000) is different from DT(4000)
[    0.502371] platform sound.5: domain=ffffffc0bf13c258 allocates as[0]=ffffffc0bf0d01a0
[    0.511496] platform tegradc.0: domain=ffffffc0bf15b598 allocates as[0]=ffffffc0bf0d01f8
[    0.521478] platform tegradc.0: IOVA linear map 0x00000000f4200000(4800000)
[    0.529896] platform tegradc.0: IOVA linear map 0x00000000f8a00000(4800000)
[    0.535936] platform tegradc.0: IOVA linear map 0x0000000092ca9000(140000)
[    0.542290] platform tegradc.0: IOVA linear map 0x00000000ca000000(2a000000)
[    0.550680] platform gpu.0: domain=ffffffc0bf1673d8 allocates as[0]=ffffffc0bf0d0250
[    0.556474] platform gpu.0: domain=ffffffc0bf1673d8 allocates as[1]=ffffffc0bf0d02a8
[    0.564211] platform gpu.0: domain=ffffffc0bf1673d8 allocates as[2]=ffffffc0bf0d0300
[    0.571925] platform gpu.0: domain=ffffffc0bf1673d8 allocates as[3]=ffffffc0bf0d0358
[    0.580430] platform tegra21-se: No iommus property found in DT node, got swgids from fixup(4800004000)
[    0.589271] platform tegra30-hda: No iommus property found in DT node, got swgids from fixup(80)
[    0.599999] platform sdhci-tegra.3: domain=ffffffc0bf1b43d8 allocates as[0]=ffffffc0bf0d03b0
[    0.606896] platform sdhci-tegra.0: domain=ffffffc0bf1bce58 allocates as[0]=ffffffc0bf0d0408
[    0.615018] platform tegra-fuse: No iommus property found in DT node, got swgids from fixup(101004000)
[    0.624238] Wake39 for irq=52
[    0.627128] platform tegra-udc.0: No iommus property found in DT node, got swgids from fixup(101004000)
[    0.636626] platform tegra-otg: No iommus property found in DT node, got swgids from fixup(101004000)
[    0.646928] platform spdif-dit.0: No iommus property found in DT node, got swgids from fixup(101004000)
[    0.655160] platform spdif-dit.1: No iommus property found in DT node, got swgids from fixup(101004000)
[    0.664512] platform spdif-dit.2: No iommus property found in DT node, got swgids from fixup(101004000)
[    0.673881] platform spdif-dit.3: No iommus property found in DT node, got swgids from fixup(101004000)
[    0.687870] gpio wake52 for gpio=61
[    0.689668] gpio wake8 for gpio=58
[    0.692799] gpio wake8 for gpio=58
[    0.696868] irq: no irq domain found for /soctherm@0x700E2000 !
[    0.702583] board_info: id:sku:fab:major:minor = 0x09e2:0x03a2:0xe2:0x00:0x00
[    0.709137] PMC dt information non-NULL tegra_init_suspend
[    0.714601] PMC DT attribute sysclkreq_high=0, board value=1
[    0.720226] PMC DT attribute corereq_high=0, board value=1
[    0.725677] PMC DT attribute cpu_off_timer=0, board value=300
[    0.731406] PMC DT attribute cpu_timer=0, board value=1700
[    0.736856] PMC DT attribute suspend_mode=0, board value=3
[    0.742326] PMC DT attribute cpu_suspend_freq=0, cpu_suspend_freq=204000
[    0.749528] Clear bootloader IO dpd settings
[    0.756727] Loading EMC tables...
[    0.758128] tegra: Using EMC sequence '21018' for Rev. 6 tables
[    0.763971] Lowering emc maximum rate from 1800000000 to 1600000000
[    0.770199] tegra: validated EMC DFS table
[    0.778927] tegra: Starting EMC periodic training timer
[    0.782345] swapper/0 isomgr_init(): iso emc max clk=1600000KHz
[    0.788047] swapper/0 isomgr_init(): max_iso_bw=11520000KB
[    1.366471] vdso: 2 pages (1 code, 1 data) at base ffffffc000f43000
[    1.370771] vdso32: 3 pages (2 code, 1 data) at base ffffffc000f41000
[    1.377183] hw-breakpoint: found 6 breakpoint and 4 watchpoint registers.
[    1.384110] nvdumper: last reboot was unknown
[    1.388257] nvdumper: set_dirty_state 0x2badface
[    1.404854] bio: create slab <bio-0> at 0
[    1.408347] vdd-ac-bat: 5000 mV ; Rail ON
[    1.411080] vdd-cpu-fixed: 1000 mV ; Rail ON
[    1.415603] vgaarb: loaded
[    1.418194] SCSI subsystem initialized
[    1.421698] libata version 3.00 loaded.
[    1.421864] usbcore: registered new interface driver usbfs
[    1.427012] usbcore: registered new interface driver hub
[    1.432357] usbcore: registered new device driver usb
[    1.438101] gpio wake33 for gpio=188
[    1.443336] max77620 4-003c: CID0: 0xb4
[    1.445339] max77620 4-003c: CID1: 0x16
[    1.449149] max77620 4-003c: CID2: 0x01
[    1.452984] max77620 4-003c: CID3: 0x59
[    1.456775] max77620 4-003c: CID4: 0x35
[    1.460606] max77620 4-003c: CID5: 0x80
[    1.464402] max77620 4-003c: MAX77620 PMIC OTP Version is 0x35
[    1.473780] vdd_core: 600 <--> 1400 mV at 1125 mV with ramp delay 27500 uV/us ; Rail ON
[    1.480950] vddio-ddr: at 1125 mV with ramp delay 27500 uV/us ; Rail ON
[    1.487729] vdd-pre-reg: 1350 mV with ramp delay 27500 uV/us ; Rail ON
[    1.494276] vdd-1v8: 1800 mV with ramp delay 27500 uV/us ; Rail ON
[    1.499952] avdd-sys: 1200 mV with ramp delay 100000 uV/us ; Rail ON
[    1.505420] avdd-sys: supplied by vdd-pre-reg
[    1.510436] vdd-pex: 1075 mV with ramp delay 100000 uV/us ; Rail OFF
[    1.516047] vdd-pex: supplied by vdd-pre-reg
[    1.520897] vddio-sdmmc3: 1800 <--> 3300 mV at 1800 mV with ramp delay 100000 uV/us ; Rail OFF
[    1.529584] vdd-cam-hv: 2800 mV with ramp delay 100000 uV/us ; Rail OFF
[    1.536335] vdd-rtc: 850 mV with ramp delay 100000 uV/us ; Rail ON
[    1.542314] avdd-ts-hv: 3300 mV with ramp delay 100000 uV/us ; Rail OFF
[    1.549102] vdd-ts: 1800 mV with ramp delay 100000 uV/us ; Rail ON
[    1.555100] vdd-gen-pll-edp: 1050 mV with ramp delay 100000 uV/us ; Rail ON
[    1.561305] vdd-gen-pll-edp: supplied by vdd-pre-reg
[    1.566966] vdd-hdmi-dp: 1050 mV with ramp delay 100000 uV/us ; Rail ON
[    1.572829] vdd-hdmi-dp: supplied by vdd-pre-reg
[    1.578569] max77620-gpio max77620-gpio.0: Initialising GPIO state 1: name gpio_default
[    1.585440] gpiochip_add: registered GPIOs 1016 to 1023 on device: max77620-gpio
[    1.594574] max77620-gpio max77620-gpio.0: max77620 gpio successfully initialized
[    1.605061] max77620 4-003c: max77620 probe successfully
[    1.609328] Linux video capture interface: v2.00
[    1.613502] tegra_wdt 60005100.watchdog: tegra_wdt_probe done
[    1.619576] Advanced Linux Sound Architecture Driver Initialized.
[    1.625138] Bluetooth: Core ver 2.16
[    1.628335] NET: Registered protocol family 31
[    1.632746] Bluetooth: HCI device and connection manager initialized
[    1.639062] Bluetooth: HCI socket layer initialized
[    1.643924] Bluetooth: L2CAP socket layer initialized
[    1.648953] Bluetooth: SCO socket layer initialized
[    1.654116] cfg80211: Calling CRDA to update world regulatory domain
[    1.661656] vdd-3v3: 3300 mV ; Rail ON
[    1.665090] max77620-gpio7: 1200 mV ; Rail ON
[    1.668215] max77620-gpio7: supplied by avdd-sys
[    1.673056] lcd-bl-en: 1800 mV ; Rail ON
[    1.676898] en-vdd-sd: 3300 mV ; Rail OFF
[    1.680719] en-vdd-sd: supplied by vdd-3v3
[    1.684961] en-vdd-cam: 1800 mV ; Rail OFF
[    1.695750] vdd-sys-boost: 5000 mV ; Rail ON
[    1.699187] vdd-hdmi: 5000 mV ; Rail ON
[    1.701888] vdd-hdmi: supplied by vdd-sys-boost
[    1.706540] aux-3v3: 3300 mV ; Rail ON
[    1.710271] snsr_pm: 3300 mV ; Rail ON
[    1.714471] vdd-disp-3v0: 3000 mV ; Rail ON
[    1.718171] vdd-fan: 5000 mV ; Rail OFF
[    1.722006] usb-vbus1: 5000 mV ; Rail OFF
[    1.725964] usb-vbus2: 5000 mV ; Rail OFF
[    1.729951] usb-vbus3: 5000 mV ; Rail OFF
[    1.734098] regulator-pwm 0.pwm-regulator: PWM request deferred
[    1.739635] platform 0.pwm-regulator: Driver regulator-pwm requests probe deferral
[    1.747904] vdd_gpu: applied init 1000000uV constraint
[    1.752297] vdd_gpu: 710 <--> 1320 mV at 1000 mV ; Rail OFF
[    1.759150] vdd_cpu: applied init 1000000uV constraint
[    1.762958] vdd_cpu: 709 <--> 1320 mV at 1000 mV normal ; Rail ON
[    1.769461] max77620-wdt max77620-wdt.5: WDT node is disabled
[    1.775275] gpio wake34 for gpio=200
[    1.780395] extcon-gpio-states 1.extcon: Cable state 0
[    1.786698] tegra-pwr-detect power-detect.6: started io power detection dynamic control
[    1.792725] tegra-pwr-detect power-detect.6: NO_IO_POWER setting 0x1000 package mask 0x1
[    1.800903] Switching to clocksource arch_sys_counter
[    1.836883] No Device Node present for smmu client: tegra-carveouts !!
[    1.841425] platform tegra-carveouts: No iommus property found in DT node, got swgids from fixup(42)
[    1.850673] nvmap_heap_init: nvmap_heap_init: created heap block cache
[    1.857327] dma_declare_coherent_resizable_cma_memory:278: resizable heap=vpr, base=0x0x00000000ca000000, size=0x2a000000
[    1.868150] cma: enabled page replacement for spfn=ca000, epfn=f4000
[    1.874262] dma_declare_coherent_resizable_cma_memory:325: resizable cma heap=vpr create successful
[    1.883122] nvmap_page_pool_init: Total RAM pages: 716241
[    1.888660] nvmap_page_pool_init: nvmap page pool size: 89530 pages (349 MB)
[    1.895737] nvmap_background_zero_thread: PP zeroing thread starting.
[    1.895951] misc nvmap: iram :dma coherent mem declare 0x0000000040001000,258048
[    1.896614] tegra-carveouts tegra-carveouts: Trying to IOVA linear map 0x0000000040001000-0x0000000040040000 outside of as:0x0000000080000000-0x00000000fff00000
[    1.896843] misc nvmap: created heap iram base 0x0000000040001000 size (252KiB)
[    1.897679] misc nvmap: created heap vpr base 0x00000000ca000000 size (688128KiB)
[    1.946588] nvmap:inner cache maint threshold=2097152
[    1.946589] Wake39 for irq=52
[    1.952663] tegra-otg tegra-otg: otg transceiver registered
[    1.959240] thermal thermal_zone0: Registering thermal zone thermal_zone0 for type CPU-therm
[    1.967044] thermal thermal_zone1: Registering thermal zone thermal_zone1 for type GPU-therm
[    1.975100] thermal thermal_zone2: Registering thermal zone thermal_zone2 for type LCPU-therm
[    1.983553] thermal thermal_zone3: Registering thermal zone thermal_zone3 for type PLL-therm
[    1.991963] thermal thermal_zone4: Registering thermal zone thermal_zone4 for type Tboard_tegra
[    2.000892] thermal thermal_zone5: Registering thermal zone thermal_zone5 for type Tdiode_tegra
[    2.009326] thermal thermal_zone6: Registering thermal zone thermal_zone6 for type PMIC-Die
[    2.017906] NET: Registered protocol family 2
[    2.022609] TCP established hash table entries: 32768 (order: 7, 524288 bytes)
[    2.029283] TCP bind hash table entries: 32768 (order: 7, 524288 bytes)
[    2.035870] TCP: Hash tables configured (established 32768 bind 32768)
[    2.042191] TCP: reno registered
[    2.045329] UDP hash table entries: 2048 (order: 4, 65536 bytes)
[    2.051368] UDP-Lite hash table entries: 2048 (order: 4, 65536 bytes)
[    2.058076] NET: Registered protocol family 1
[    2.062395] RPC: Registered named UNIX socket transport module.
[    2.067965] RPC: Registered udp transport module.
[    2.072622] RPC: Registered tcp transport module.
[    2.077314] RPC: Registered tcp NFSv4.1 backchannel transport module.
[    2.083719] PCI: CLS 0 bytes, default 64
[    2.084020] tegra-fuse tegra-fuse: Fuse driver initialized succesfully
[    2.090625] Trying to unpack rootfs image as initramfs...
[    2.572644] Freeing initrd memory: 7616K (ffffffc004100000 - ffffffc004870000)
[    2.582560] host1x host1x: initialized
[    2.588727] audit: initializing netlink socket (disabled)
[    2.592164] type=2000 audit(2.569:1): initialized
[    2.599273] fuse init (API version 7.22)
[    2.601393] msgmni has been set to 5610
[    2.605053] SELinux:  Registering netfilter hooks
[    2.606690] io scheduler noop registered (default)
[    2.609798] Tegra cpuquiet initialized: disabled
[    2.616421] tsec tsec: initialized
[    2.618816] tsec tsecb: initialized
[    2.623196] nvdec nvdec: initialized
[    2.627558] falcon vic03: initialized
[    2.630550] falcon msenc: initialized
[    2.633985] falcon nvjpg: initialized
[    2.637303] tegradc tegradc.0: Display dc.54200000 registered with id=0
[    2.643206] display board info: id 0x0, fab 0x0
[    2.648047] display board info: id 0x0, fab 0x0
[    2.652303] parse_tmds_config: No tmds-config node
[    2.657006] of_dc_parse_platform_data: could not find SD settings node
[    2.663372] of_dc_parse_platform_data: could not find cmu node
[    2.669203] tegradc tegradc.0: DT parsed successfully
[    2.674523] tegradc tegradc.0: Bootloader disp_param detected. Detected mode: 640x480 (on 0x0mm) pclk=25200000
[    2.684370] display board info: id 0x0, fab 0x0
[    2.689448] gpio wake53 for gpio=225
[    2.693316] tegradc tegradc.0: probed
[    2.695908] ------------[ cut here ]------------
[    2.700479] WARNING: at drivers/video/tegra/dc/dc_priv.h:73 tegra_dc_get_override_mode+0x118/0x700()
[    2.709581] DC is power-gated.
[    2.712598] Modules linked in:
[    2.715637] CPU: 0 PID: 1 Comm: swapper/0 Not tainted 3.10.61 #10
[    2.721710] Call trace:
[    2.724136] [<ffffffc000089148>] dump_backtrace+0x0/0x10c
[    2.729520] [<ffffffc000089264>] show_stack+0x10/0x1c
[    2.734534] [<ffffffc000a52ae0>] dump_stack+0x1c/0x28
[    2.739571] [<ffffffc0000a6864>] warn_slowpath_common+0x74/0x9c
[    2.745449] [<ffffffc0000a68d8>] warn_slowpath_fmt+0x4c/0x58
[    2.751094] [<ffffffc0003aae60>] tegra_dc_get_override_mode+0x114/0x700
[    2.757682] [<ffffffc0003bf6d0>] tegra_dc_probe+0x1074/0x1360
[    2.763390] [<ffffffc0004b1ba8>] platform_drv_probe+0x14/0x20
[    2.769124] [<ffffffc0004b05f4>] driver_probe_device+0xc8/0x218
[    2.775002] [<ffffffc0004b07f0>] __driver_attach+0x60/0x90
[    2.780475] [<ffffffc0004aeafc>] bus_for_each_dev+0x50/0x90
[    2.786021] [<ffffffc0004b0214>] driver_attach+0x1c/0x28
[    2.791295] [<ffffffc0004afc98>] bus_add_driver+0xdc/0x21c
[    2.796768] [<ffffffc0004b1098>] driver_register+0xbc/0x140
[    2.802302] [<ffffffc0004b212c>] platform_driver_register+0x6c/0x78
[    2.808558] [<ffffffc000ef6128>] tegra_dc_module_init+0x1c/0x28
[    2.814435] [<ffffffc0000815c4>] do_one_initcall+0x80/0x11c
[    2.819995] [<ffffffc000ecf8e4>] kernel_init_freeable+0x130/0x1dc
[    2.826067] [<ffffffc000a49c10>] kernel_init+0x10/0xcc
[    2.831173] ---[ end trace 1bb323c27022e0e5 ]---
[    2.835752] ------------[ cut here ]------------
[    2.840365] WARNING: at drivers/video/tegra/dc/dc_priv.h:73 tegra_dc_get_override_mode+0x208/0x700()
[    2.849455] DC is power-gated.
[    2.852476] Modules linked in:
[    2.855515] CPU: 0 PID: 1 Comm: swapper/0 Tainted: G        W    3.10.61 #10
[    2.862541] Call trace:
[    2.864963] [<ffffffc000089148>] dump_backtrace+0x0/0x10c
[    2.870347] [<ffffffc000089264>] show_stack+0x10/0x1c
[    2.875362] [<ffffffc000a52ae0>] dump_stack+0x1c/0x28
[    2.880400] [<ffffffc0000a6864>] warn_slowpath_common+0x74/0x9c
[    2.886292] [<ffffffc0000a68d8>] warn_slowpath_fmt+0x4c/0x58
[    2.891915] [<ffffffc0003aaf50>] tegra_dc_get_override_mode+0x204/0x700
[    2.898516] [<ffffffc0003bf6d0>] tegra_dc_probe+0x1074/0x1360
[    2.904221] [<ffffffc0004b1ba8>] platform_drv_probe+0x14/0x20
[    2.909955] [<ffffffc0004b05f4>] driver_probe_device+0xc8/0x218
[    2.915848] [<ffffffc0004b07f0>] __driver_attach+0x60/0x90
[    2.921295] [<ffffffc0004aeafc>] bus_for_each_dev+0x50/0x90
[    2.926853] [<ffffffc0004b0214>] driver_attach+0x1c/0x28
[    2.932128] [<ffffffc0004afc98>] bus_add_driver+0xdc/0x21c
[    2.937598] [<ffffffc0004b1098>] driver_register+0xbc/0x140
[    2.943134] [<ffffffc0004b212c>] platform_driver_register+0x6c/0x78
[    2.949387] [<ffffffc000ef6128>] tegra_dc_module_init+0x1c/0x28
[    2.955267] [<ffffffc0000815c4>] do_one_initcall+0x80/0x11c
[    2.960825] [<ffffffc000ecf8e4>] kernel_init_freeable+0x130/0x1dc
[    2.966891] [<ffffffc000a49c10>] kernel_init+0x10/0xcc
[    2.971992] ---[ end trace 1bb323c27022e0e6 ]---
[    2.976597] ------------[ cut here ]------------
[    2.981183] WARNING: at drivers/video/tegra/dc/dc_priv.h:73 tegra_dc_get_override_mode+0x2f8/0x700()
[    2.990288] DC is power-gated.
[    2.993309] Modules linked in:
[    2.996348] CPU: 0 PID: 1 Comm: swapper/0 Tainted: G        W    3.10.61 #10
[    3.003363] Call trace:
[    3.005796] [<ffffffc000089148>] dump_backtrace+0x0/0x10c
[    3.011182] [<ffffffc000089264>] show_stack+0x10/0x1c
[    3.016206] [<ffffffc000a52ae0>] dump_stack+0x1c/0x28
[    3.021221] [<ffffffc0000a6864>] warn_slowpath_common+0x74/0x9c
[    3.027128] [<ffffffc0000a68d8>] warn_slowpath_fmt+0x4c/0x58
[    3.032748] [<ffffffc0003ab040>] tegra_dc_get_override_mode+0x2f4/0x700
[    3.039346] [<ffffffc0003bf6d0>] tegra_dc_probe+0x1074/0x1360
[    3.045054] [<ffffffc0004b1ba8>] platform_drv_probe+0x14/0x20
[    3.050787] [<ffffffc0004b05f4>] driver_probe_device+0xc8/0x218
[    3.056682] [<ffffffc0004b07f0>] __driver_attach+0x60/0x90
[    3.062128] [<ffffffc0004aeafc>] bus_for_each_dev+0x50/0x90
[    3.067687] [<ffffffc0004b0214>] driver_attach+0x1c/0x28
[    3.072961] [<ffffffc0004afc98>] bus_add_driver+0xdc/0x21c
[    3.078431] [<ffffffc0004b1098>] driver_register+0xbc/0x140
[    3.083967] [<ffffffc0004b212c>] platform_driver_register+0x6c/0x78
[    3.090226] [<ffffffc000ef6128>] tegra_dc_module_init+0x1c/0x28
[    3.096114] [<ffffffc0000815c4>] do_one_initcall+0x80/0x11c
[    3.101647] [<ffffffc000ecf8e4>] kernel_init_freeable+0x130/0x1dc
[    3.107726] [<ffffffc000a49c10>] kernel_init+0x10/0xcc
[    3.112825] ---[ end trace 1bb323c27022e0e7 ]---
[    3.117429] ------------[ cut here ]------------
[    3.122017] WARNING: at drivers/video/tegra/dc/dc_priv.h:73 tegra_dc_get_override_mode+0x3e8/0x700()
[    3.131121] DC is power-gated.
[    3.134143] Modules linked in:
[    3.137181] CPU: 0 PID: 1 Comm: swapper/0 Tainted: G        W    3.10.61 #10
[    3.144196] Call trace:
[    3.146641] [<ffffffc000089148>] dump_backtrace+0x0/0x10c
[    3.152002] [<ffffffc000089264>] show_stack+0x10/0x1c
[    3.157039] [<ffffffc000a52ae0>] dump_stack+0x1c/0x28
[    3.162054] [<ffffffc0000a6864>] warn_slowpath_common+0x74/0x9c
[    3.167959] [<ffffffc0000a68d8>] warn_slowpath_fmt+0x4c/0x58
[    3.173581] [<ffffffc0003ab130>] tegra_dc_get_override_mode+0x3e4/0x700
[    3.180180] [<ffffffc0003bf6d0>] tegra_dc_probe+0x1074/0x1360
[    3.185899] [<ffffffc0004b1ba8>] platform_drv_probe+0x14/0x20
[    3.191609] [<ffffffc0004b05f4>] driver_probe_device+0xc8/0x218
[    3.197516] [<ffffffc0004b07f0>] __driver_attach+0x60/0x90
[    3.202962] [<ffffffc0004aeafc>] bus_for_each_dev+0x50/0x90
[    3.208520] [<ffffffc0004b0214>] driver_attach+0x1c/0x28
[    3.213795] [<ffffffc0004afc98>] bus_add_driver+0xdc/0x21c
[    3.219265] [<ffffffc0004b1098>] driver_register+0xbc/0x140
[    3.224800] [<ffffffc0004b212c>] platform_driver_register+0x6c/0x78
[    3.231054] [<ffffffc000ef6128>] tegra_dc_module_init+0x1c/0x28
[    3.236945] [<ffffffc0000815c4>] do_one_initcall+0x80/0x11c
[    3.242480] [<ffffffc000ecf8e4>] kernel_init_freeable+0x130/0x1dc
[    3.248560] [<ffffffc000a49c10>] kernel_init+0x10/0xcc
[    3.253658] ---[ end trace 1bb323c27022e0e8 ]---
[    3.258263] ------------[ cut here ]------------
[    3.262850] WARNING: at drivers/video/tegra/dc/dc_priv.h:73 tegra_dc_get_override_mode+0x4d8/0x700()
[    3.271955] DC is power-gated.
[    3.274976] Modules linked in:
[    3.278014] CPU: 0 PID: 1 Comm: swapper/0 Tainted: G        W    3.10.61 #10
[    3.285030] Call trace:
[    3.287474] [<ffffffc000089148>] dump_backtrace+0x0/0x10c
[    3.292835] [<ffffffc000089264>] show_stack+0x10/0x1c
[    3.297875] [<ffffffc000a52ae0>] dump_stack+0x1c/0x28
[    3.302888] [<ffffffc0000a6864>] warn_slowpath_common+0x74/0x9c
[    3.308793] [<ffffffc0000a68d8>] warn_slowpath_fmt+0x4c/0x58
[    3.314414] [<ffffffc0003ab220>] tegra_dc_get_override_mode+0x4d4/0x700
[    3.321013] [<ffffffc0003bf6d0>] tegra_dc_probe+0x1074/0x1360
[    3.326732] [<ffffffc0004b1ba8>] platform_drv_probe+0x14/0x20
[    3.332442] [<ffffffc0004b05f4>] driver_probe_device+0xc8/0x218
[    3.338347] [<ffffffc0004b07f0>] __driver_attach+0x60/0x90
[    3.343795] [<ffffffc0004aeafc>] bus_for_each_dev+0x50/0x90
[    3.349359] [<ffffffc0004b0214>] driver_attach+0x1c/0x28
[    3.354629] [<ffffffc0004afc98>] bus_add_driver+0xdc/0x21c
[    3.360099] [<ffffffc0004b1098>] driver_register+0xbc/0x140
[    3.365634] [<ffffffc0004b212c>] platform_driver_register+0x6c/0x78
[    3.371887] [<ffffffc000ef6128>] tegra_dc_module_init+0x1c/0x28
[    3.377779] [<ffffffc0000815c4>] do_one_initcall+0x80/0x11c
[    3.383314] [<ffffffc000ecf8e4>] kernel_init_freeable+0x130/0x1dc
[    3.389392] [<ffffffc000a49c10>] kernel_init+0x10/0xcc
[    3.394491] ---[ end trace 1bb323c27022e0e9 ]---
[    3.403503] Console: switching to colour frame buffer device 80x30
[    3.411530] tegradc tegradc.0: fb registered
[    3.419255] tegra-apbdma tegra-apbdma: Tegra20 APB DMA driver register 32 channels
[    3.426291] tegra-adma tegra210-adma: Tegra210 ADMA driver register 10 channels
[    3.432389] Serial: 8250/16550 driver, 4 ports, IRQ sharing disabled
[    3.438512] No Device Node present for smmu client: serial8250 !!
[    3.444502] platform serial8250: No iommus property found in DT node, got swgids from fixup(101004000)
[    3.455111] serial8250.0: ttyS0 at MMIO 0x70006000 (irq = 68) is a Tegra
[    3.460484] console [ttyS0] enabled, bootconsole disabled
[    3.471375] serial-tegra.2: ttyTHS2 at MMIO 0x70006200 (irq = 78) is a SERIAL_TEGRA
[    3.481080] serial-tegra serial-tegra.3: RX in PIO mode
[    3.486344] serial-tegra.3: ttyTHS3 at MMIO 0x70006300 (irq = 122) is a SERIAL_TEGRA
[    3.518604] brd: module loaded
[    3.524357] loop: module loaded
[    3.527895] zram: Created 1 device(s) ...
[    3.531918] Silicon Labs C2 port support v. 0.51.0 - (C) 2007 Rodolfo Giometti
[    3.539467] nct1008_nct72 0-004c: find device tree node, parsing dt
[    3.545729] nct1008_nct72 0-004c: starting parse dt
[    3.550728] nct1008_nct72 0-004c: success parsing dt
[    3.555799] nct1008_nct72 0-004c: success in enabling rail vdd_nct72
[    3.565393] gpio wake33 for gpio=188
[    3.569056] nct1008_nct72 0-004c: nct1008_probe: initialized
[    3.576363] tegra_cec tegra_cec: dt=1 start=0x70015000 end=0x70015FFF irq=35
[    3.583501] tegra_cec tegra_cec: tegra_cec_init started
[    3.589004] tegra_cec tegra_cec: cec_add_sysfs ret=0
[    3.593970] tegra_cec tegra_cec: probed
[    3.598322] THERMAL EST start of therm_fan_est_probe.
[    3.603432] THERMAL EST: found 1 subdevs
[    3.607370] THERMAL EST name: thermal-fan-est.
[    3.611809] THERMAL EST num_resources: 0
[    3.615729] [THERMAL EST subdev 0]
[    3.619141] THERMAL EST subdev name: Tboard_tegra
[    3.623841] THERMAL EST index 0 coeffs 100
[    3.627943] THERMAL EST index 1 coeffs 0
[    3.631860] THERMAL EST index 2 coeffs 0
[    3.635776] THERMAL EST index 3 coeffs 0
[    3.639704] THERMAL EST index 4 coeffs 0
[    3.643620] THERMAL EST index 5 coeffs 0
[    3.647548] THERMAL EST index 6 coeffs 0
[    3.651464] THERMAL EST index 7 coeffs 0
[    3.655380] THERMAL EST index 8 coeffs 0
[    3.659307] THERMAL EST index 9 coeffs 0
[    3.663229] THERMAL EST index 0: trip_temp 0, hyst 0
[    3.668198] THERMAL EST index 1: trip_temp 51000, hyst 16000
[    3.673851] THERMAL EST index 2: trip_temp 63000, hyst 11000
[    3.679513] THERMAL EST index 3: trip_temp 71000, hyst 7000
[    3.685078] THERMAL EST index 4: trip_temp 130000, hyst 5000
[    3.690740] THERMAL EST index 5: trip_temp 140000, hyst 0
[    3.696141] THERMAL EST index 6: trip_temp 150000, hyst 0
[    3.701531] THERMAL EST index 7: trip_temp 160000, hyst 0
[    3.706934] THERMAL EST index 8: trip_temp 170000, hyst 0
[    3.712324] THERMAL EST index 9: trip_temp 180000, hyst 0
[    3.717728] THERMAL EST index 0: trip_temps_hyst 0
[    3.722511] THERMAL EST index 1: trip_temps_hyst 35000
[    3.727652] THERMAL EST index 2: trip_temps_hyst 51000
[    3.732781] THERMAL EST index 3: trip_temps_hyst 52000
[    3.737922] THERMAL EST index 4: trip_temps_hyst 63000
[    3.743052] THERMAL EST index 5: trip_temps_hyst 64000
[    3.748192] THERMAL EST index 6: trip_temps_hyst 71000
[    3.753322] THERMAL EST index 7: trip_temps_hyst 125000
[    3.758549] THERMAL EST index 8: trip_temps_hyst 130000
[    3.763766] THERMAL EST index 9: trip_temps_hyst 140000
[    3.768993] THERMAL EST index 10: trip_temps_hyst 140000
[    3.774296] THERMAL EST index 11: trip_temps_hyst 150000
[    3.779611] THERMAL EST index 12: trip_temps_hyst 150000
[    3.784914] THERMAL EST index 13: trip_temps_hyst 160000
[    3.790229] THERMAL EST index 14: trip_temps_hyst 160000
[    3.795533] THERMAL EST index 15: trip_temps_hyst 170000
[    3.800846] THERMAL EST index 16: trip_temps_hyst 170000
[    3.806160] THERMAL EST index 17: trip_temps_hyst 180000
[    3.811463] THERMAL EST index 18: trip_temps_hyst 180000
[    3.816778] THERMAL EST index 19: trip_temps_hyst 0
[    3.821648] THERMAL EST index 20: trip_temps_hyst 0
[    3.826712] THERMAL EST init dev[0] temp hist to 28000
[    3.831847] THERMAL EST cdev_type: pwm-fan.
[    3.836067] THERMAL EST governor name: pid_thermal_gov
[    3.841425] thermal thermal_zone7: Registering thermal zone thermal_zone7 for type thermal-fan-est.18
[    3.850648] THERMAL EST: thz register success.
[    3.855203] THERMAL EST: end of probe, return err: 0
[    3.860732] gpio wake52 for gpio=61
[    3.864381] tegra_profiler: Branch: Dev
[    3.868233] tegra_profiler: Version: 1.88
[    3.872238] tegra_profiler: Samples version: 31
[    3.876773] tegra_profiler: IO version: 16
[    3.880867] armv8_pmu: imp: 0x41, idcode: 0x1
[    3.885219] armv8_pmu: arch: AA64 PmuV3 ARM CORTEX-A57, type: 5, ver: 0
[    3.891865] tegra_profiler: power_clk: init
[    3.896168] tegra_profiler: auth: init
[    3.901130] Rounding down aligned max_sectors from 4294967295 to 4294967288
[    3.908843] tun: Universal TUN/TAP device driver, 1.6
[    3.913889] tun: (C) 1999-2004 Max Krasnyansky <maxk@qualcomm.com>
[    3.920487] PPP generic driver version 2.4.2
[    3.924884] PPP BSD Compression module registered
[    3.929603] PPP Deflate Compression module registered
[    3.934667] PPP MPPE Compression module registered
[    3.939468] NET: Registered protocol family 24
[    3.943956] usbcore: registered new interface driver r8152
[    3.949486] usbcore: registered new interface driver asix
[    3.954906] usbcore: registered new interface driver ax88179_178a
[    3.961041] usbcore: registered new interface driver cdc_ether
[    3.966921] usbcore: registered new interface driver smsc95xx
[    3.972687] usbcore: registered new interface driver net1080
[    3.978386] usbcore: registered new interface driver cdc_subset
[    3.984326] usbcore: registered new interface driver zaurus
[    3.989962] usbcore: registered new interface driver cdc_ncm
[    3.995634] ehci_hcd: USB 2.0 'Enhanced' Host Controller (EHCI) Driver
[    4.002459] ehci-pci: EHCI PCI platform driver
[    4.007092] tegra_xusb_read_usb_calib: usb_calib0 = 0x069e7410
[    4.014816] tegra-xhci tegra-xhci: XUSB device id = 0xfac (T210)
[    4.020938] usb_calib0 = 0x069e7410
[    4.024423] usb_calib_ext = 0x00000004
[    4.028201] usb_calib0 = 0x069e7410
[    4.031684] usb_calib_ext = 0x00000004
[    4.035445] usb_calib0 = 0x069e7410
[    4.038927] usb_calib_ext = 0x00000004
[    4.043703] tegra-xhci tegra-xhci: Firmware File: tegra21x_xusb_firmware (132608 Bytes)
[    4.052003] tegra-xhci tegra-xhci: Firmware DMA Memory: dma 0x0000000080040000 mapped 0xffffff8004cd7000 (132608 Bytes)
[    4.052076] usbcore: registered new interface driver cdc_acm
[    4.052080] cdc_acm: USB Abstract Control Model driver for USB modems and ISDN adapters
[    4.052126] usbcore: registered new interface driver usb-storage
[    4.052230] usbcore: registered new interface driver usbserial
[    4.052262] usbcore: registered new interface driver nvshieldled
[    4.052294] usbcore: registered new interface driver nvshieldpda
[    4.052323] Nvidia Tegra High-Speed USB Device Controller driver (Apr 30, 2012)
[    4.052556] tegra USB phy - inst[0] platform info:
[    4.052559] port_otg: yes
[    4.052561] has_hostpc: yes
[    4.052564] phy_interface: USB_PHY_INTF_UTMI
[    4.052566] op_mode: TEGRA_USB_OPMODE_DEVICE
[    4.052568] qc2_voltage: 0
[    4.052571] vbus_pmu_irq: 0
[    4.052573] charging: enabled
[    4.052575] remote_wakeup: disabled
[    4.057457] tegra-udc tegra-udc.0: usb_bat_chg regulator not registered: USB charging will not be enabled
[    4.058306] mousedev: could not register psaux device, error: -16
[    4.058309] mousedev: PS/2 mouse device common for all mice
[    4.058561] usbcore: registered new interface driver xpad
[    4.058598] usbcore: registered new interface driver usb_acecad
[    4.058630] usbcore: registered new interface driver aiptek
[    4.058661] usbcore: registered new interface driver gtco
[    4.058692] usbcore: registered new interface driver hanwang
[    4.058722] usbcore: registered new interface driver kbtab
[    4.058752] usbcore: registered new interface driver wacom
[    4.198190] tegra-xhci tegra-xhci: num_hsic_port 0
[    4.257882] tegra-xhci tegra-xhci: Firmware timestamp: 2015-01-22 07:34:45 UTC, Falcon state 0x20
[    4.266815] tegra-xhci tegra-xhci: Nvidia xHCI Host Controller
[    4.272676] tegra-xhci tegra-xhci: new USB bus registered, assigned bus number 1
[    4.281007] tegra-xhci tegra-xhci: irq 71, io mem 0x70090000
[    4.286770] usb usb1: New USB device found, idVendor=1d6b, idProduct=0002
[    4.293555] usb usb1: New USB device strings: Mfr=3, Product=2, SerialNumber=1
[    4.300801] usb usb1: Product: Nvidia xHCI Host Controller
[    4.300989] max77620-rtc max77620-rtc.1: rtc core: registered max77620-rtc as rtc0
[    4.313864] usb usb1: Manufacturer: Linux 3.10.61 tegra-xhci
[    4.319543] usb usb1: SerialNumber: tegra-xhci
[    4.324321] xHCI xhci_add_endpoint called for root hub
[    4.324331] xHCI xhci_check_bandwidth called for root hub
[    4.324445] hub 1-0:1.0: USB hub found
[    4.328235] hub 1-0:1.0: 5 ports detected
[    4.366231] Wake51 for irq=118
[    4.369286] Enabling wake51
[    4.372116] i2c /dev entries driver
[    4.376475] IR NEC protocol handler initialized
[    4.381300] Registered IR keymap rc-nvidia-nec
[    4.385957] input: gpio_ir_recv as /devices/platform/gpio-ir-receiver.21/rc/rc0/input0
[    4.393990] rc0: gpio_ir_recv as /devices/platform/gpio-ir-receiver.21/rc/rc0
[    4.401366] virtual_init
[    4.404258] i2c-core: driver [as364x] using legacy suspend method
[    4.410368] i2c-core: driver [as364x] using legacy resume method
[    4.416528] ov7695 sensor driver loading
[    4.420623] usbcore: registered new interface driver uvcvideo
[    4.425862] tegra-xhci tegra-xhci: Nvidia xHCI Host Controller
[    4.425884] tegra-xhci tegra-xhci: new USB bus registered, assigned bus number 2
[    4.426036] usb usb2: New USB device found, idVendor=1d6b, idProduct=0003
[    4.426043] usb usb2: New USB device strings: Mfr=3, Product=2, SerialNumber=1
[    4.426050] usb usb2: Product: Nvidia xHCI Host Controller
[    4.426056] usb usb2: Manufacturer: Linux 3.10.61 tegra-xhci
[    4.426061] usb usb2: SerialNumber: tegra-xhci
[    4.426358] xHCI xhci_add_endpoint called for root hub
[    4.426365] xHCI xhci_check_bandwidth called for root hub
[    4.426470] hub 2-0:1.0: USB hub found
[    4.426490] hub 2-0:1.0: 4 ports detected
[    4.476856] USB Video Class driver (1.1.1)
[    4.483807] ashmem: initialized
[    4.487130] logger: created 256K log 'log_main'
[    4.491798] logger: created 256K log 'log_events'
[    4.495883] Wake44 for irq=81
[    4.495905] Wake40 for irq=53
[    4.495908] Wake41 for irq=53
[    4.495911] Wake42 for irq=53
[    4.495914] Wake43 for irq=53
[    4.511469] logger: created 256K log 'log_radio'
[    4.516261] logger: created 256K log 'log_system'
[    4.521632] ozwpan ozwpan: Ozmo Devices WPAN
[    4.525921] ozwpan ozwpan: new USB bus registered, assigned bus number 3
[    4.532689] usb usb3: New USB device found, idVendor=1d6b, idProduct=0001
[    4.539491] usb usb3: New USB device strings: Mfr=3, Product=2, SerialNumber=1
[    4.546721] usb usb3: Product: Ozmo Devices WPAN
[    4.551335] usb usb3: Manufacturer: Linux 3.10.61 Ozmo WPAN
[    4.556926] usb usb3: SerialNumber: ozwpan
[    4.561401] hub 3-0:1.0: USB hub found
[    4.565164] hub 3-0:1.0: 4 ports detected
[    4.569488] p->oz_protocol_init = 0xffffffc00071b164
[    4.569818] max77620-power-off max77620-power-off.4: Event recorder REG_NVERC : 0x0
[    4.577977] FAN dev name: pwm-fan
[    4.581301] FAN:gpio request success.
[    4.584998] pwm_fan_driver pwm-fan.16: cap state:7, cap pwm:250
[    4.590959] tegra_cec tegra_cec: tegra_cec_init Done.
[    4.596233] pwm_fan_driver pwm-fan.16: got pwm for fan
[    4.601538] pwm_fan_driver pwm-fan.16: index 0: pwm=0, rpm=0, rru=40, rrd=40, state:2
[    4.609389] pwm_fan_driver pwm-fan.16: index 1: pwm=80, rpm=1000, rru=2, rrd=2, state:2
[    4.617400] pwm_fan_driver pwm-fan.16: index 2: pwm=120, rpm=2000, rru=1, rrd=1, state:2
[    4.625482] pwm_fan_driver pwm-fan.16: index 3: pwm=150, rpm=3000, rru=1, rrd=1, state:2
[    4.633585] pwm_fan_driver pwm-fan.16: index 4: pwm=200, rpm=4000, rru=1, rrd=1, state:3
[    4.641683] pwm_fan_driver pwm-fan.16: index 5: pwm=240, rpm=5000, rru=1, rrd=1, state:3
[    4.649777] pwm_fan_driver pwm-fan.16: index 6: pwm=245, rpm=6000, rru=1, rrd=1, state:3
[    4.657872] pwm_fan_driver pwm-fan.16: index 7: pwm=250, rpm=7000, rru=1, rrd=1, state:4
[    4.666018] pwm_fan_driver pwm-fan.16: index 8: pwm=252, rpm=10000, rru=1, rrd=1, state:4
[    4.674188] pwm_fan_driver pwm-fan.16: index 9: pwm=255, rpm=11000, rru=1, rrd=1, state:4
[    4.684302] md: raid0 personality registered for level 0
[    4.689678] device-mapper: uevent: version 1.0.3
[    4.694474] device-mapper: ioctl: 4.24.0-ioctl (2013-01-15) initialised: dm-devel@redhat.com
[    4.703130] Tegra210 cpuidle driver
[    4.707559] sdhci: Secure Digital Host Controller Interface driver
[    4.713732] sdhci: Copyright(c) Pierre Ossman
[    4.718106] sdhci-pltfm: SDHCI platform and OF driver helper
[    4.723968] mmc0 Parsing DT data
[    4.727286] sdhci-tegra sdhci-tegra.3: Parent select= pll_p rate=408000000
[    4.734165] sdhci-tegra sdhci-tegra.3: Parent select= pll_c4_out1 rate=265600000
[    4.742300] sdhci-tegra sdhci-tegra.3: Speedo value 2010
[    4.747661] sdhci-tegra sdhci-tegra.3: Tuning constraints: nom_mv 1075, boot_mv 1075, min_or_mv 0
[    4.756652] regulator_get() failed for (sdhci-tegra.3,vqmmc), -19
[    4.762739] mmc0: no vqmmc regulator found
[    4.766852] regulator_get() failed for (sdhci-tegra.3,vmmc), -19
[    4.772850] mmc0: no vmmc regulator found
[    4.815855] mmc0: SDHCI controller on sdhci-tegra.3 [sdhci-tegra.3] using ADMA
[    4.823319] mmc1 Parsing DT data
[    4.826701] sdhci-tegra sdhci-tegra.1: Parent select= pll_p rate=408000000
[    4.834289] sdhci-tegra sdhci-tegra.1: Speedo value 2010
[    4.839690] sdhci-tegra sdhci-tegra.1: Tuning constraints: nom_mv 1075, boot_mv 1075, min_or_mv 0
[    4.849256] regulator_get() failed for (sdhci-tegra.1,vqmmc), -19
[    4.855402] mmc1: no vqmmc regulator found
[    4.859589] regulator_get() failed for (sdhci-tegra.1,vmmc), -19
[    4.865596] mmc1: no vmmc regulator found
[    4.869645] usb 2-3: new SuperSpeed USB device number 2 using tegra-xhci
[    4.898121] usb 2-3: New USB device found, idVendor=0bda, idProduct=8153
[    4.904858] usb 2-3: New USB device strings: Mfr=1, Product=2, SerialNumber=6
[    4.912053] usb 2-3: Product: USB 10/100/1000 LAN
[    4.912065] mmc1: SDHCI controller on sdhci-tegra.1 [sdhci-tegra.1] using ADMA
[    4.912638] mmc2 Parsing DT data
[    4.912735] sdhci-tegra sdhci-tegra.0: Parent select= pll_p rate=408000000
[    4.934093] usb 2-3: Manufacturer: Realtek
[    4.938270] usb 2-3: SerialNumber: 000001000000
[    4.938826] sdhci-tegra sdhci-tegra.0: Speedo value 2010
[    4.938835] sdhci-tegra sdhci-tegra.0: Tuning constraints: nom_mv 1075, boot_mv 1075, min_or_mv 0
[    4.938926] regulator_get() failed for (sdhci-tegra.0,vqmmc), -19
[    4.938929] mmc2: no vqmmc regulator found
[    4.938939] regulator_get() failed for (sdhci-tegra.0,vmmc), -19
[    4.938941] mmc2: no vmmc regulator found
[    4.975861] mmc2: SDHCI controller on sdhci-tegra.0 [sdhci-tegra.0] using ADMA
[    4.975996] gpio wake35 for gpio=201
[    4.990409] cdc_ether 2-3:2.0 eth0: register 'cdc_ether' at usb-tegra-xhci-3, CDC Ethernet Device, 00:04:4b:4b:1b:9a
[    5.001540] cdc_ether 2-3:2.0 eth0: unregister 'cdc_ether' usb-tegra-xhci-3, CDC Ethernet Device
[    5.010410] oz_net_notifier: event NETDEV_UNREGISTER
[    5.011755] mmc0: BKOPS_EN bit is not set
[    5.019399] oz_binding_remove: Remove binding: 'eth0'
[    5.021016] cy8c_led 0-0009: LED registered (led_lightbar)
[    5.023343] tegra-se tegra21-se: tegra_se_probe: complete
[    5.024096] hidraw: raw HID events driver (C) Jiri Kosina
[    5.026264] usbcore: registered new interface driver usbhid
[    5.026267] usbhid: USB HID core driver
[    5.026556] nvadsp 702ef000.adsp: in probe()...
[    5.026955] nvadsp 702ef000.adsp: AMC/ARAM initialized.
[    5.027108] nvadsp 702ef000.adsp: adsp_cpu actmon: Completed probe (0)
[    5.027115] nvadsp 702ef000.adsp: nvadsp_app_module_probe
[    5.027122] nvadsp 702ef000.adsp: nvadsp_run_app_module_probe
[    5.028022] tegra_throttle : init passed
[    5.029336] cpu-tegra: init EDP limit: 1224 MHz
[    5.029439] pll_x: not ready for dynamic ramp to 614400000
[    5.029474] pll_x: not ready for dynamic ramp to 614400000
[    5.039161] usbcore: registered new interface driver snd-usb-audio
[    5.039255] No Device Node present for smmu client: snd-soc-dummy !!
[    5.039266] platform snd-soc-dummy: No iommus property found in DT node, got swgids from fixup(101004000)
[    5.052060] tegra210-i2s tegra210-i2s.0: Missing prop fsync-width for I2S0
[    5.052971] tegra210-i2s tegra210-i2s.2: Missing prop fsync-width for I2S2
[    5.053242] tegra210-i2s tegra210-i2s.3: Missing prop fsync-width for I2S3
[    5.053605] tegra210-i2s tegra210-i2s.4: Missing prop fsync-width for I2S4
[    5.059509] OPE platform probe
[    5.059782] OPE platform probe successful
[    5.059839] OPE platform probe
[    5.060108] OPE platform probe successful
[    5.060271] tegra210_adsp_audio_platform_probe: platform probe started
[    5.060975] tegra210_adsp_audio_platform_probe probe successfull.
[    5.060975] tegra-snd-t210ref-mobile sound.5: Failed to get HP Det GPIO
[    5.088110] mmc0: tap value and tuning window after hw tuning completion ...
[    5.088120] mmc0: tuning_window[0]: 0xe3ffffff
[    5.088127] mmc0: tuning_window[1]: 0x7e3fffff
[    5.088133] mmc0: tuning_window[2]: 0x0
[    5.088139] mmc0: tuning_window[3]: 0x0
[    5.088144] mmc0: tuning_window[4]: 0x0
[    5.088149] mmc0: tuning_window[5]: 0x0
[    5.088155] mmc0: tuning_window[6]: 0x0
[    5.088160] mmc0: tuning_window[7]: 0x0
[    5.088165] sdhci: Tap value: 12 | Trim value: 8
[    5.088169] sdhci: SDMMC Interrupt status: 0x00040000
[    5.089518] mmc0: switch to HS400 mode is successful
[    5.093236] mmc0: new HS533MMC card at address 0001
[    5.093761] mmcblk0: mmc0:0001 SDW16G 14.6 GiB 
[    5.093993] mmcblk0rpmb: mmc0:0001 SDW16G partition 3 4.00 MiB
[    5.095849]  mmcblk0: p1 p2 p3 p4 p5 p6 p7 p8 p9 p10 p11 p12 p13 p14 p15 p16 p17 p18 p19 p20 p21 p22 p23 p24 p25 p26 p27 p28 p29
[    5.133288] tegra210-ape-admaif tegra210-admaif: ASoC: Failed to create codec debugfs directory
[    5.135099] tegra210-adsp adsp_audio.3: ASoC: Failed to create platform debugfs directory
[    5.161821] tegra-snd-t210ref-mobile sound.5:  ADMAIF1 <-> ADMAIF1 mapping ok
[    5.162386] tegra-snd-t210ref-mobile sound.5:  ADMAIF2 <-> ADMAIF2 mapping ok
[    5.162948] tegra-snd-t210ref-mobile sound.5:  ADMAIF3 <-> ADMAIF3 mapping ok
[    5.163485] tegra-snd-t210ref-mobile sound.5:  ADMAIF4 <-> ADMAIF4 mapping ok
[    5.164027] tegra-snd-t210ref-mobile sound.5:  ADMAIF5 <-> ADMAIF5 mapping ok
[    5.164568] tegra-snd-t210ref-mobile sound.5:  ADMAIF6 <-> ADMAIF6 mapping ok
[    5.165124] tegra-snd-t210ref-mobile sound.5:  ADMAIF7 <-> ADMAIF7 mapping ok
[    5.165657] tegra-snd-t210ref-mobile sound.5:  ADMAIF8 <-> ADMAIF8 mapping ok
[    5.166251] tegra-snd-t210ref-mobile sound.5:  ADMAIF9 <-> ADMAIF9 mapping ok
[    5.166806] tegra-snd-t210ref-mobile sound.5:  ADMAIF10 <-> ADMAIF10 mapping ok
[    5.212284] tegra-snd-t210ref-mobile sound.5:  ADSP-FE1 <-> ADSP PCM mapping ok
[    5.212752] compress asoc: ADSP-FE2 <-> ADSP COMPR1 mapping ok
[    5.213193] compress asoc: ADSP-FE3 <-> ADSP COMPR2 mapping ok
[    5.257688] mmc1: tap value and tuning window after hw tuning completion ...
[    5.257697] mmc1: tuning_window[0]: 0x1fffffff
[    5.257703] mmc1: tuning_window[1]: 0xffffffff
[    5.257709] mmc1: tuning_window[2]: 0xffffff3f
[    5.257714] mmc1: tuning_window[3]: 0x7fff3fff
[    5.257720] mmc1: tuning_window[4]: 0x0
[    5.257725] mmc1: tuning_window[5]: 0x0
[    5.257731] mmc1: tuning_window[6]: 0x0
[    5.257736] mmc1: tuning_window[7]: 0x0
[    5.257741] sdhci: Tap value: 50 | Trim value: 8
[    5.257745] sdhci: SDMMC Interrupt status: 0x00040000
[    5.261037] mmc1: queuing unknown CIS tuple 0x91 (3 bytes)
[    5.261073] mmc1: new ultra high speed SDR104 SDIO card at address 0001
[    5.428734] GACT probability NOT on
[    5.432261] Mirror/redirect action on
[    5.436027] u32 classifier
[    5.438737]     Actions configured
[    5.442138] Netfilter messages via NETLINK v0.30.
[    5.446925] nf_conntrack version 0.5.0 (16384 buckets, 65536 max)
[    5.453316] ctnetlink v0.93: registering with nfnetlink.
[    5.458771] NF_TPROXY: Transparent proxy support initialized, version 4.1.0
[    5.465724] NF_TPROXY: Copyright (c) 2006-2007 BalaBit IT Ltd.
[    5.471947] xt_time: kernel timezone is -0000
[    5.476463] ipip: IPv4 over IPv4 tunneling driver
[    5.481654] ip_tables: (C) 2000-2006 Netfilter Core Team
[    5.487161] arp_tables: (C) 2002 David S. Miller
[    5.491809] TCP: cubic registered
[    5.495121] Initializing XFRM netlink socket
[    5.499591] NET: Registered protocol family 10
[    5.504897] mip6: Mobile IPv6
[    5.507931] ip6_tables: (C) 2000-2006 Netfilter Core Team
[    5.513479] sit: IPv6 over IPv4 tunneling driver
[    5.518965] NET: Registered protocol family 17
[    5.523434] NET: Registered protocol family 15
[    5.527923] Bluetooth: HIDP (Human Interface Emulation) ver 1.2
[    5.533847] Bluetooth: HIDP socket layer initialized
[    5.538854] Key type dns_resolver registered
[    5.545008] Registering SWP/SWPB emulation handler
[    5.563924] mmc2: host does not support reading read-only switch. assuming write-enable.
[    5.573546] mmc2: Problem setting drive strength!
[    5.585863] isp isp.0: initialized
[    5.590624] isp isp.1: initialized
[    5.594432] vi vi: vi_probe: ++
[    5.599863] vi vi: initialized
[    5.603212] vdd_gpu: disabling
[    5.606512] vdd-fan: disabling
[    5.615772] snsr_pm: disabling
[    5.616803] usb 2-3: reset SuperSpeed USB device number 2 using tegra-xhci
[    5.625704] aux-3v3: disabling
[    5.628771] en-vdd-cam: disabling
[    5.632085] lcd-bl-en: disabling
[    5.635316] vdd-hdmi-dp: disabling
[    5.640065] vdd-ts: disabling
[    5.643879] vdd-cpu-fixed: disabling
[    5.647471] regulator-dummy: disabling
[    5.651884] dhd_module_init in
[    5.655717] wifi_plat_dev_drv_probe: property 'edp-consumer-name' missing or invalid
[    5.664507] SDIO Vendor ID:02d0 and SDIO Device ID: 4354
[    5.670040] F1 signature read @0x18000000=0x17214354
[    5.681363] F1 signature OK, socitype:0x1 chip:0x4354 rev:0x1 pkg:0x2
[    5.688814] DHD: dongle ram size is set to 786432(orig 786432) at 0x180000
[    5.695796] wifi_platform_prealloc: failed to alloc static mem section 7
[    5.702579] wifi_platform_get_mac_addr
[    5.706384] _wifi_get_mac_addr_file: cannot open /mnt/factory/wifi/wifi_mac.txt
[    5.714248] wl_create_event_handler(): thread:wl_event_handler:96 started
[    5.714265] CFG80211-ERROR) wl_event_handler : tsk Enter, tsk = 0xffffffc0bcf419f0
[    5.728817] dhd_attach(): thread:dhd_watchdog_thread:97 started
[    5.734816] dhd_attach(): thread:dhd_dpc:98 started
[    5.739815] dhd_attach(): thread:dhd_rxf:99 started
[    5.744714] dhd_deferred_work_init: work queue initialized 
[    5.750663] Dongle Host Driver, version 1.201.31 (r)
Compiled in drivers/net/wireless/bcmdhd on Jul  4 2015 at 03:57:19
[    5.763443] Register interface [wlan0]  MAC: 00:90:4c:11:22:33

[    5.770787] dhd_prot_ioctl : bus is down. we have nothing to do
[    5.777932] wifi_platform_set_power = 0
[    5.785852] tegra_sysfs_register
[    5.789306] dhd_module_init in
[    5.793360] file system registered
[    5.797835] android_usb gadget: Mass Storage Function, version: 2009/09/11
[    5.804710] android_usb gadget: Number of LUNs=1
[    5.805924] tegra-xhci tegra-xhci: xHCI xhci_drop_endpoint called with disabled ep ffffffc0bd7f1bc0
[    5.805933] tegra-xhci tegra-xhci: xHCI xhci_drop_endpoint called with disabled ep ffffffc0bd7f1c00
[    5.805941] tegra-xhci tegra-xhci: xHCI xhci_drop_endpoint called with disabled ep ffffffc0bd7f1c40
[    5.836431]  lun0: LUN: removable file: (no medium)
[    5.841776] android_maxim14675_set_voltage: max_voltage (vbus) = 5000mV
[    5.846885] r8152 2-3:1.0 eth0: v2.03.3 (2015/01/29)
[    5.846894] r8152 2-3:1.0 eth0: This product is covered by one or more of the following patents:
		US6,570,884, US6,115,776, and US6,327,625.

[    5.868904] android_usb gadget: android_usb ready
[    5.873606] tegra-udc: bind to driver android_usb
[    5.878644] gpio-keys gpio-keys.19: Button sw_lid is ignored
[    5.884357] gpio wake26 for gpio=191
[    5.888178] input: gpio-keys as /devices/platform/gpio-keys.19/input/input1
[    5.912032] max77620-rtc max77620-rtc.1: setting system clock to 2000-01-01 01:00:11 UTC (946688411)
[    5.921569] Disable partitions left on by BL
[    5.925860]     disb
[    5.928070] Disabling clocks left on by bootloader:
[    5.932941]    audio2_dmic
[    5.935648]    audio1_dmic
[    5.937545] mmc2: tap value and tuning window after hw tuning completion ...
[    5.937553] mmc2: tuning_window[0]: 0xffffffff
[    5.937559] mmc2: tuning_window[1]: 0x9fffffff
[    5.937565] mmc2: tuning_window[2]: 0xffffffff
[    5.937570] mmc2: tuning_window[3]: 0xffffffff
[    5.937576] mmc2: tuning_window[4]: 0xffff8fff
[    5.937581] mmc2: tuning_window[5]: 0xffffffff
[    5.937586] mmc2: tuning_window[6]: 0x1fffffff
[    5.937591] mmc2: tuning_window[7]: 0x7fffffff
[    5.937597] sdhci: Tap value: 181 | Trim value: 2
[    5.937601] sdhci: SDMMC Interrupt status: 0x00040000
[    5.937648] mmc2: new ultra high speed SDR50 SDHC card at address aaaa
[    5.937989] mmcblk1: mmc2:aaaa SL08G 7.40 GiB 
[    5.950132]  mmcblk1: p1
[    6.004173]    audio0_dmic
[    6.006912]    audio_2x
[    6.009362]    audio
[    6.011546]    audio4
[    6.013819]    audio3
[    6.016121]    audio2
[    6.018392]    audio1
[    6.020664]    audio0
[    6.023008]    entropy
[    6.025374]    dsi2-fixed
[    6.028007]    dsi1-fixed
[    6.030628]    usb3
[    6.032730]    sor1
[    6.034851]    sdmmc4_ddr
[    6.037507]    sata_aux
[    6.039957]    sor1_src
[    6.042417]    cclk_lp
[    6.044790]    pll_u_60M
[    6.048048] tegra_cl_dvfs tegra_cl_dvfs: DT data retrieved successfully
[    6.054977] tegra_cl_dvfs_init_cdev: cpu_cold cooling device registered
[    6.062049] Tegra CPU DFLL is initialized with use_dfll = 1
[    6.067906] tegra_dvfs: 0.vdd-cpu-rail-ovr connected to regulator 
[    6.074412] tegra_dvfs: 4.vdd-core-rail-max77620 connected to regulator 
[    6.081256] tegra_dvfs: 1.vdd-gpu-rail-ovr connected to regulator 
[    6.088120] CPU rate: 614 MHz
[    6.091571] last reset is due to power on reset

[    6.097600] KERNEL: PMC reset status reg: 0x0
[    6.102018] BL: PMC reset status reg: 0x0
[    6.106039] BL: PMIC poweroff Event Recorder: 0x40
[    6.111531] tegra_actmon.emc: Completed initialization (0)
[    6.118431] tegra_actmon.avp: Completed initialization (0)
[    6.124572] tegra dvfs: tegra sysfs cap interface is initialized
[    6.130698] tegra dvfs: tegra sysfs gpu & emc interface is initialized
[    6.138535] ALSA device list:
[    6.141495]   #0: HDA NVIDIA Tegra at 0x70038000 irq 113
[    6.146800]   #1: tegra-snd-t210ref-mobile-es755
[    6.151643] Freeing unused kernel memory: 424K (ffffffc000ecf000 - ffffffc000f39000)
[    6.169463] EXT4-fs (mmcblk1p1): mounted filesystem with ordered data mode. Opts: (null)
[    6.296181] systemd[1]: systemd 215 running in system mode. (+PAM +AUDIT +SELINUX +IMA +SYSVINIT +LIBCRYPTSETUP +GCRYPT +ACL +XZ -SECCOMP -APPARMOR)
[    6.309540] systemd[1]: Detected architecture 'arm64'.
[    6.338244] systemd[1]: Failed to insert module 'autofs4'
[    6.344194] systemd[1]: Set hostname to <black-pearl>.
[    6.489181] systemd[1]: Cannot add dependency job for unit display-manager.service, ignoring: Unit display-manager.service failed to load: No such file or directory.
[    6.504490] systemd[1]: Starting Forward Password Requests to Wall Directory Watch.
[    6.512230] systemd[1]: Started Forward Password Requests to Wall Directory Watch.
[    6.519809] systemd[1]: Expecting device dev-ttyS0.device...
[    6.545875] systemd[1]: Starting Remote File Systems (Pre).
[    6.565862] systemd[1]: Reached target Remote File Systems (Pre).
[    6.571995] systemd[1]: Starting Encrypted Volumes.
[    6.595860] systemd[1]: Reached target Encrypted Volumes.
[    6.601322] systemd[1]: Set up automount Arbitrary Executable File Formats File System Automount Point.
[    6.610775] systemd[1]: Starting Dispatch Password Requests to Console Directory Watch.
[    6.618873] systemd[1]: Started Dispatch Password Requests to Console Directory Watch.
[    6.626798] systemd[1]: Starting Paths.
[    6.645860] systemd[1]: Reached target Paths.
[    6.650221] systemd[1]: Starting Swap.
[    6.665859] systemd[1]: Reached target Swap.
[    6.670133] systemd[1]: Starting Root Slice.
[    6.685854] systemd[1]: Created slice Root Slice.
[    6.690592] systemd[1]: Starting User and Session Slice.
[    6.715858] systemd[1]: Created slice User and Session Slice.
[    6.721605] systemd[1]: Starting Delayed Shutdown Socket.
[    6.745855] systemd[1]: Listening on Delayed Shutdown Socket.
[    6.751638] systemd[1]: Starting /dev/initctl Compatibility Named Pipe.
[    6.775858] systemd[1]: Listening on /dev/initctl Compatibility Named Pipe.
[    6.782818] systemd[1]: Starting Journal Socket (/dev/log).
[    6.805856] systemd[1]: Listening on Journal Socket (/dev/log).
[    6.811816] systemd[1]: Starting udev Kernel Socket.
[    6.835934] systemd[1]: Listening on udev Kernel Socket.
[    6.841255] systemd[1]: Starting udev Control Socket.
[    6.865857] systemd[1]: Listening on udev Control Socket.
[    6.871261] systemd[1]: Starting Journal Socket.
[    6.895859] systemd[1]: Listening on Journal Socket.
[    6.900838] systemd[1]: Starting System Slice.
[    6.925855] systemd[1]: Created slice System Slice.
[    6.930774] systemd[1]: Starting system-getty.slice.
[    6.955858] systemd[1]: Created slice system-getty.slice.
[    6.961259] systemd[1]: Starting system-serial\x2dgetty.slice.
[    6.985860] systemd[1]: Created slice system-serial\x2dgetty.slice.
[    6.992155] systemd[1]: Starting Increase datagram queue length...
[    7.016499] systemd[1]: Mounting Debug File System...
[    7.038088] systemd[1]: Starting Load Kernel Modules...
[    7.056393] systemd[1]: Starting udev Coldplug all Devices...
[    7.076408] systemd[1]: Mounted Huge Pages File System.
[    7.081713] systemd[1]: Started Create list of required static device nodes for the current kernel.
[    7.090868] systemd[1]: Mounted POSIX Message Queue File System.
[    7.099279] systemd[1]: Started Set Up Additional Binary Formats.
[    7.105470] systemd[1]: Starting Create Static Device Nodes in /dev...
[    7.126435] systemd[1]: Starting Slices.
[    7.145900] systemd[1]: Reached target Slices.
[    7.150374] systemd[1]: Starting Remount Root and Kernel File Systems...
[    7.195877] systemd[1]: Mounted Debug File System.
[    7.215867] systemd[1]: Started Increase datagram queue length.
[    7.235955] systemd[1]: Started Load Kernel Modules.
[    7.255913] systemd[1]: Started Create Static Device Nodes in /dev.
[    7.275920] systemd[1]: Started Remount Root and Kernel File Systems.
[    7.295869] systemd[1]: Started udev Coldplug all Devices.
[    7.329415] systemd[1]: Starting Various fixups to make systemd work better on Debian...
[    7.356492] systemd[1]: Starting Load/Save Random Seed...
[    7.376433] systemd[1]: Starting udev Kernel Device Manager...
[    7.396442] systemd[1]: Starting Local File Systems (Pre).
[    7.407801] systemd-udevd[194]: starting version 215
[    7.415883] systemd[1]: Reached target Local File Systems (Pre).
[    7.422069] systemd[1]: Starting Local File Systems.
[    7.445912] systemd[1]: Reached target Local File Systems.
[    7.451424] systemd[1]: Starting Remote File Systems.
[    7.475920] systemd[1]: Reached target Remote File Systems.
[    7.481531] systemd[1]: Starting Create Volatile Files and Directories...
[    7.507155] systemd[1]: Mounting FUSE Control File System...
[    7.526595] systemd[1]: Mounting Configuration File System...
[    7.557435] systemd[1]: Starting Apply Kernel Variables...
[    7.577114] systemd[1]: Starting Syslog Socket.
[    7.595920] systemd[1]: Listening on Syslog Socket.
[    7.600843] systemd[1]: Starting Journal Service...
[    7.646001] systemd[1]: Started Journal Service.
[    7.812723] systemd-journald[236]: Received request to flush runtime journal from PID 1
[    8.536272] IPv6: ADDRCONF(NETDEV_UP): eth0: link is not ready
[   10.226525] IPv6: ADDRCONF(NETDEV_CHANGE): eth0: link becomes ready
